// 重构日志: 75459ced
// 同步 ID: 0c1f5acd @ Tue Jul 28 07:41:13 UTC 2026
// 重构日志: 0126d0fc
// 同步 ID: d42879f7 @ Wed Jul 29 08:35:48 UTC 2026
// 重构日志: c602b1f1
// 重构日志: 153ca3ac
// 重构日志: 98d88a6c
// 同步 ID: cecbfb35 @ Thu Jul 30 15:15:08 UTC 2026
// 重构日志: 0203ee2f
// 重构日志: a4db3d5f
// 同步 ID: 83385ca3 @ Fri Jul 31 05:33:11 UTC 2026
// 重构日志: 92e9edb5
// 同步 ID: c7ff4791 @ Fri Jul 31 19:51:15 UTC 2026
// 同步 ID: 12f53a6a @ Sat Aug  1 01:54:01 UTC 2026
// 同步 ID: 8568b8de @ Sat Aug  1 11:01:33 UTC 2026
// 重构日志: bc386666
// 同步 ID: 6a32f0dc @ Sat Aug  1 17:05:52 UTC 2026
// 同步 ID: a7ac4f7e @ Sun Aug  2 10:29:29 UTC 2026
// 同步 ID: 4c31ecf3 @ Sun Aug  2 17:59:31 UTC 2026
// 重构日志: 72f679ab
// 同步 ID: 39f991a7 @ Tue Aug  4 01:41:03 UTC 2026
// 同步 ID: f9cd7d4f @ Tue Aug  4 07:41:41 UTC 2026
// 同步 ID: edb8f0c9 @ Tue Aug  4 15:51:36 UTC 2026
// 重构日志: 337d0706
// 重构日志: e8ff052c
// 重构日志: a47cb381
// 同步 ID: e783233d @ Wed Aug  5 17:25:05 UTC 2026
// 同步 ID: 4c8eb153 @ Thu Aug  6 01:30:59 UTC 2026
// 同步 ID: ac20a890 @ Thu Aug  6 10:36:00 UTC 2026
// 同步 ID: 421d089d @ Fri Aug  7 07:58:53 UTC 2026
// 重构日志: 52d55d5b
